Warning: You are sending unauthenticated requests to the HF Hub. Please set a HF_TOKEN to enable higher rate limits and faster downloads.
[main] device=cuda seed=42
Loading weights:   0%|          | 0/408 [00:00<?, ?it/s]Loading weights: 100%|██████████| 408/408 [00:00<00:00, 5407.71it/s]
[train] trainable_params=26,542,592
[train] step=    0 loss=387.7682 lr=3.00e-06
[train] step=   25 loss=59.8679 lr=7.80e-05
[train] step=   50 loss=19.5087 lr=1.53e-04
[train] step=   75 loss=10.9488 lr=2.28e-04
[train] step=  100 loss=7.9219 lr=3.00e-04
[train] step=  125 loss=6.3757 lr=2.99e-04
[train] step=  150 loss=4.2555 lr=2.98e-04
[train] step=  175 loss=3.6456 lr=2.95e-04
[train] step=  200 loss=2.6335 lr=2.92e-04
[ val ] step=  200 macro_f1=0.0100 (n=111)
[train] step=  225 loss=1.7012 lr=2.87e-04
[train] step=  250 loss=1.9925 lr=2.82e-04
[train] step=  275 loss=1.3443 lr=2.76e-04
[train] step=  300 loss=1.1813 lr=2.68e-04
[train] step=  325 loss=1.0563 lr=2.60e-04
[train] step=  350 loss=0.7819 lr=2.52e-04
[train] step=  375 loss=0.3779 lr=2.42e-04
[train] step=  400 loss=0.5878 lr=2.32e-04
[ val ] step=  400 macro_f1=0.0492 (n=111)
[train] step=  425 loss=0.2073 lr=2.22e-04
[train] step=  450 loss=0.5263 lr=2.11e-04
[train] step=  475 loss=0.4450 lr=2.00e-04
[train] step=  500 loss=0.2246 lr=1.88e-04
[train] step=  525 loss=0.1369 lr=1.77e-04
[train] step=  550 loss=0.2545 lr=1.65e-04
[train] step=  575 loss=0.0438 lr=1.53e-04
[train] step=  600 loss=0.2796 lr=1.42e-04
[ val ] step=  600 macro_f1=0.0521 (n=111)
[train] step=  625 loss=0.1502 lr=1.30e-04
[train] step=  650 loss=0.0395 lr=1.19e-04
[train] step=  675 loss=0.1021 lr=1.08e-04
[train] step=  700 loss=0.0392 lr=9.75e-05
[train] step=  725 loss=0.0855 lr=8.76e-05
[train] step=  750 loss=0.1082 lr=7.82e-05
[train] step=  775 loss=0.0533 lr=6.95e-05
[train] step=  800 loss=0.0061 lr=6.16e-05
[ val ] step=  800 macro_f1=0.0633 (n=111)
[train] step=  825 loss=0.0167 lr=5.44e-05
[train] step=  850 loss=0.0355 lr=4.81e-05
[train] step=  875 loss=0.0079 lr=4.26e-05
[train] step=  900 loss=0.0031 lr=3.81e-05
[train] step=  925 loss=0.0160 lr=3.46e-05
[train] step=  950 loss=0.0114 lr=3.21e-05
[train] step=  975 loss=0.0007 lr=3.05e-05
[final] macro_f1=0.0679
final_macro_f1=0.0679
